Microchip MPLAB XC8 Compiler V1.34 ()

Linker command line:

--edf=C:\Program Files (x86)\Microchip\xc8\v1.34\dat\en_msgs.txt -cs \
  -h+dist/default/debug\Grzalka3Q.X.debug.sym \
  --cmf=dist/default/debug\Grzalka3Q.X.debug.cmf -z -Q16F1516 \
  -oC:\Temp\s23g.6 -Mdist/default/debug/Grzalka3Q.X.debug.map -E1 -ver=XC8 \
  -ASTACK=0205Eh-0218bh -pstack=STACK -ACODE=00h-07FFhx4 \
  -ASTRCODE=00h-01FFFh -ASTRING=00h-0FFhx32 -ACONST=00h-0FFhx32 \
  -AENTRY=00h-0FFhx32 -ACOMMON=070h-07Fh -ABANK0=020h-06Fh \
  -ABANK1=0A0h-0EFh -ABANK2=0120h-016Fh -ABANK3=01A0h-01EFh \
  -ABANK4=0220h-026Fh -ABANK5=02A0h-02EFh -ABANK6=0320h-032Fh \
  -ABIGRAM=02000h-021EFh \
  -ARAM=020h-06Fh,0A0h-0EFh,0120h-016Fh,01A0h-01EFh,0220h-026Fh,02A0h-02EFh,0320h-032Fh \
  -AABS1=020h-07Fh,0A0h-0EFh,0120h-016Fh,01A0h-01EFh,0220h-026Fh,02A0h-02EFh,0320h-032Fh \
  -ASFR0=00h-01Fh -ASFR1=080h-09Fh -ASFR2=0100h-011Fh -ASFR3=0180h-019Fh \
  -ASFR4=0200h-021Fh -ASFR5=0280h-029Fh -ASFR6=0300h-031Fh \
  -ASFR7=0380h-03EFh -ASFR8=0400h-046Fh -ASFR9=0480h-04EFh \
  -ASFR10=0500h-056Fh -ASFR11=0580h-05EFh -ASFR12=0600h-066Fh \
  -ASFR13=0680h-06EFh -ASFR14=0700h-076Fh -ASFR15=0780h-07EFh \
  -ASFR16=0800h-086Fh -ASFR17=0880h-08EFh -ASFR18=0900h-096Fh \
  -ASFR19=0980h-09EFh -ASFR20=0A00h-0A6Fh -ASFR21=0A80h-0AEFh \
  -ASFR22=0B00h-0B6Fh -ASFR23=0B80h-0BEFh -ASFR24=0C00h-0C6Fh \
  -ASFR25=0C80h-0CEFh -ASFR26=0D00h-0D6Fh -ASFR27=0D80h-0DEFh \
  -ASFR28=0E00h-0E6Fh -ASFR29=0E80h-0EEFh -ASFR30=0F00h-0F6Fh \
  -ASFR31=0F80h-0FEFh -preset_vec=00h,intentry=04h,init,end_init \
  -ppowerup=CODE -pcinit=CODE -pfunctab=CODE -ACONFIG=08007h-08008h \
  -pconfig=CONFIG -DCONFIG=2 -AIDLOC=08000h-08003h -pidloc=IDLOC -DIDLOC=2 \
  -DCODE=2 -DSTRCODE=2 -DSTRING=2 -DCONST=2 -DENTRY=2 -k C:\Temp\s23g.obj \
  dist/default/debug\Grzalka3Q.X.debug.obj 

Object code version is 3.11

Machine type is 16F1516



                Name                               Link     Load   Length Selector   Space Scale
C:\Temp\s23g.obj
                end_init                             E1       E1        2        8       0
                reset_vec                             0        0        3        0       0
                config                             8007     8007        2    1000E       0
dist/default/debug\Grzalka3Q.X.debug.obj
                cinit                                E3       E3       37        8       0
                intentry                              4        4       DD        8       0
                text9                               5AF      5AF       53        8       0
                text8                               637      637       30        8       0
                text7                               71D      71D        9      E22       0
                text6                               6BB      6BB       20        8       0
                text5                               6DB      6DB       12        8       0
                text4                               694      694       27        8       0
                text3                               602      602       35        8       0
                text2                               667      667       2D        8       0
                text1                               4FD      4FD       B2        8       0
                maintext                            11A      11A      3E3        8       0
                cstackBANK0                          4B       4B       18       20       1
                cstackCOMMON                         75       75        5       70       1
                cstackBANK1                          A8       A8        4       A0       1
                clrtext                             711      711        C      E22       0
                bssBANK1                             A0       A0        8       A0       1
                dataBANK0                            6C       6C        4       20       1
                bssBANK0                             20       20       2B       20       1
                bssCOMMON                            70       70        5       70       1
                nvBANK1                              AC       AC        2       A0       1
                nvBANK0                              63       63        9       20       1
                stringtext                          700      700       11        E       0
                idataBANK0                          726      726        4      E22       0

TOTAL           Name                               Link     Load   Length     Space
        CLASS   STACK          

        CLASS   CODE           
                end_init                             E1       E1        2         0
                cinit                                E3       E3       37         0
                intentry                              4        4       DD         0
                reset_vec                             0        0        3         0
                text9                               5AF      5AF       53         0
                text8                               637      637       30         0
                text7                               71D      71D        9         0
                text6                               6BB      6BB       20         0
                text5                               6DB      6DB       12         0
                text4                               694      694       27         0
                text3                               602      602       35         0
                text2                               667      667       2D         0
                text1                               4FD      4FD       B2         0
                maintext                            11A      11A      3E3         0
                clrtext                             711      711        C         0
                idataBANK0                          726      726        4         0

        CLASS   STRCODE        
                stringtext                          700      700       11         0

        CLASS   STRING         

        CLASS   CONST          

        CLASS   ENTRY          

        CLASS   COMMON         
                cstackCOMMON                         75       75        5         1
                bssCOMMON                            70       70        5         1

        CLASS   BANK0          
                cstackBANK0                          4B       4B       18         1
                dataBANK0                            6C       6C        4         1
                bssBANK0                             20       20       2B         1
                nvBANK0                              63       63        9         1

        CLASS   BANK1          
                cstackBANK1                          A8       A8        4         1
                bssBANK1                             A0       A0        8         1
                nvBANK1                              AC       AC        2         1

        CLASS   BANK2          

        CLASS   BANK3          

        CLASS   BANK4          

        CLASS   BANK5          

        CLASS   BANK6          

        CLASS   BIGRAM         

        CLASS   RAM            

        CLASS   ABS1           
                abs_s1                               7E       7E        2         1
                abs_s1                              26C      26C        4         1
                abs_s1                              2A0      2A0       50         1
                abs_s1                              320      320       10         1
                abs_s1                             218C     218C        0         1

        CLASS   SFR0           

        CLASS   SFR1           

        CLASS   SFR2           

        CLASS   SFR3           

        CLASS   SFR4           

        CLASS   SFR5           

        CLASS   SFR6           

        CLASS   SFR7           

        CLASS   SFR8           

        CLASS   SFR9           

        CLASS   SFR10          

        CLASS   SFR11          

        CLASS   SFR12          

        CLASS   SFR13          

        CLASS   SFR14          

        CLASS   SFR15          

        CLASS   SFR16          

        CLASS   SFR17          

        CLASS   SFR18          

        CLASS   SFR19          

        CLASS   SFR20          

        CLASS   SFR21          

        CLASS   SFR22          

        CLASS   SFR23          

        CLASS   SFR24          

        CLASS   SFR25          

        CLASS   SFR26          

        CLASS   SFR27          

        CLASS   SFR28          

        CLASS   SFR29          

        CLASS   SFR30          

        CLASS   SFR31          

        CLASS   CONFIG         
                config                             8007     8007        2         0

        CLASS   IDLOC          

        CLASS   BANK31         

        CLASS   BANK30         

        CLASS   BANK29         

        CLASS   BANK28         

        CLASS   BANK27         

        CLASS   BANK26         

        CLASS   BANK25         

        CLASS   BANK24         

        CLASS   BANK23         

        CLASS   BANK22         

        CLASS   BANK21         

        CLASS   BANK20         

        CLASS   BANK19         

        CLASS   BANK18         

        CLASS   BANK17         

        CLASS   BANK16         

        CLASS   BANK15         

        CLASS   BANK14         

        CLASS   BANK13         

        CLASS   BANK12         

        CLASS   BANK11         

        CLASS   BANK10         

        CLASS   BANK9          

        CLASS   BANK8          

        CLASS   BANK7          

        CLASS   EEDATA         



SEGMENTS        Name                           Load    Length   Top    Selector   Space  Class     Delta

                reset_vec                      000000  000003  000003         0       0  CODE        2
                intentry                       000004  0006E9  0006ED         8       0  CODE        2
                bssBANK0                       000020  000050  000070        20       1  BANK0       1
                bssCOMMON                      000070  00000A  00007A        70       1  COMMON      1
                bssBANK1                       0000A0  00000E  0000AE        A0       1  BANK1       1
                stringtext                     000700  000011  000711         E       0  STRCODE     2
                clrtext                        000711  000019  00072A       E22       0  CODE        2
                config                         008007  000002  008009     1000E       0  CONFIG      2


UNUSED ADDRESS RANGES

        Name                Unused          Largest block    Delta
        BANK1            000AE-000EF              42           1
        BANK2            00120-0016F              50           1
        BANK3            001A0-001EF              50           1
        BANK4            00220-0026B              4C           1
        BIGRAM           02000-021EF             1F0           1
        CODE             00003-00003               1           2
                         006ED-006FF              13
                         0072A-01FFF             800
        COMMON           0007A-0007D               4           1
        CONST            00003-00003               1           2
                         006ED-006FF              13
                         0072A-01FFF             100
        ENTRY            00003-00003               1           2
                         006ED-006FF              13
                         0072A-01FFF             100
        IDLOC            08000-08003               4           2
        RAM              000AE-000EF              42           1
                         00120-0016F              50
                         001A0-001EF              50
                         00220-0026B              4C
        SFR0             00000-0001F              20           1
        SFR1             00080-0009F              20           1
        SFR10            00500-0056F              70           1
        SFR11            00580-005EF              70           1
        SFR12            00600-0066F              70           1
        SFR13            00680-006EF              70           1
        SFR14            00700-0076F              70           1
        SFR15            00780-007EF              70           1
        SFR16            00800-0086F              70           1
        SFR17            00880-008EF              70           1
        SFR18            00900-0096F              70           1
        SFR19            00980-009EF              70           1
        SFR2             00100-0011F              20           1
        SFR20            00A00-00A6F              70           1
        SFR21            00A80-00AEF              70           1
        SFR22            00B00-00B6F              70           1
        SFR23            00B80-00BEF              70           1
        SFR24            00C00-00C6F              70           1
        SFR25            00C80-00CEF              70           1
        SFR26            00D00-00D6F              70           1
        SFR27            00D80-00DEF              70           1
        SFR28            00E00-00E6F              70           1
        SFR29            00E80-00EEF              70           1
        SFR3             00180-0019F              20           1
        SFR30            00F00-00F6F              70           1
        SFR31            00F80-00FEF              70           1
        SFR4             00200-0021F              20           1
        SFR5             00280-0029F              20           1
        SFR6             00300-0031F              20           1
        SFR7             00380-003EF              70           1
        SFR8             00400-0046F              70           1
        SFR9             00480-004EF              70           1
        STACK            0205E-0218B             12E           1
        STRCODE          00003-00003               1           2
                         006ED-006FF              13
                         0072A-01FFF            18D6
        STRING           00003-00003               1           2
                         006ED-006FF              13
                         0072A-01FFF             100

                                  Symbol Table

?___lldiv                cstackBANK0  0004B
?___lmul                 cstackBANK0  0004B
?___lwdiv                cstackBANK0  00051
?___lwmod                cstackBANK0  0004B
_ADCON0bits              (abs)        0009D
_ADCON1                  (abs)        0009E
_ANSELAbits              (abs)        0018C
_ANSELBbits              (abs)        0018D
_ANSELC                  (abs)        0018E
_FVRCONbits              (abs)        00117
_INTCONbits              (abs)        0000B
_ISR                     intentry     00004
_LATAbits                (abs)        0010C
_LATB                    (abs)        0010D
_LATBbits                (abs)        0010D
_LATC                    (abs)        0010E
_OPTION_REGbits          (abs)        00095
_OSCCONbits              (abs)        00099
_PMADRH                  (abs)        00192
_PMADRL                  (abs)        00191
_PMCON1bits              (abs)        00195
_PMCON2                  (abs)        00196
_PMDATH                  (abs)        00194
_PMDATL                  (abs)        00193
_PORTBbits               (abs)        0000D
_PWM                     bssCOMMON    00070
_START                   bssBANK0     00036
_START_Fl                bssBANK0     00037
_TRISAbits               (abs)        0008C
_TRISBbits               (abs)        0008D
_TRISC                   (abs)        0008E
_WDTCONbits              (abs)        00097
_WPUBbits                (abs)        0020D
__CFG_BOREN$ON           (abs)        00000
__CFG_BORV$LO            (abs)        00000
__CFG_CLKOUTEN$OFF       (abs)        00000
__CFG_CP$ON              (abs)        00000
__CFG_FCMEN$ON           (abs)        00000
__CFG_FOSC$INTOSC        (abs)        00000
__CFG_IESO$ON            (abs)        00000
__CFG_LPBOR$OFF          (abs)        00000
__CFG_LVP$ON             (abs)        00000
__CFG_MCLRE$ON           (abs)        00000
__CFG_PWRTE$OFF          (abs)        00000
__CFG_STVREN$ON          (abs)        00000
__CFG_VCAPEN$OFF         (abs)        00000
__CFG_WDTE$ON            (abs)        00000
__CFG_WRT$OFF            (abs)        00000
__Habs1                  abs1         00000
__Hbank0                 bank0        00000
__Hbank1                 bank1        00000
__Hbank10                bank10       00000
__Hbank11                bank11       00000
__Hbank12                bank12       00000
__Hbank13                bank13       00000
__Hbank14                bank14       00000
__Hbank15                bank15       00000
__Hbank16                bank16       00000
__Hbank17                bank17       00000
__Hbank18                bank18       00000
__Hbank19                bank19       00000
__Hbank2                 bank2        00000
__Hbank20                bank20       00000
__Hbank21                bank21       00000
__Hbank22                bank22       00000
__Hbank23                bank23       00000
__Hbank24                bank24       00000
__Hbank25                bank25       00000
__Hbank26                bank26       00000
__Hbank27                bank27       00000
__Hbank28                bank28       00000
__Hbank29                bank29       00000
__Hbank3                 bank3        00000
__Hbank30                bank30       00000
__Hbank31                bank31       00000
__Hbank4                 bank4        00000
__Hbank5                 bank5        00000
__Hbank6                 bank6        00000
__Hbank7                 bank7        00000
__Hbank8                 bank8        00000
__Hbank9                 bank9        00000
__Hbigram                bigram       00000
__HbssBANK0              bssBANK0     00000
__HbssBANK1              bssBANK1     00000
__HbssCOMMON             bssCOMMON    00000
__Hcinit                 cinit        0011A
__Hclrtext               clrtext      00000
__Hcode                  code         00000
__Hcommon                common       00000
__Hconfig                config       08009
__HcstackBANK0           cstackBANK0  00000
__HcstackBANK1           cstackBANK1  00000
__HcstackCOMMON          cstackCOMMON 00000
__HdataBANK0             dataBANK0    00000
__Heeprom_data           eeprom_data  00000
__Hend_init              end_init     000E3
__Hfunctab               functab      00000
__HidataBANK0            idataBANK0   00000
__Hidloc                 idloc        00000
__Hinit                  init         000E1
__Hintentry              intentry     000E1
__Hmaintext              maintext     00000
__HnvBANK0               nvBANK0      00000
__HnvBANK1               nvBANK1      00000
__Hpowerup               powerup      00000
__Hram                   ram          00000
__Hreset_vec             reset_vec    00003
__Hsfr0                  sfr0         00000
__Hsfr1                  sfr1         00000
__Hsfr10                 sfr10        00000
__Hsfr11                 sfr11        00000
__Hsfr12                 sfr12        00000
__Hsfr13                 sfr13        00000
__Hsfr14                 sfr14        00000
__Hsfr15                 sfr15        00000
__Hsfr16                 sfr16        00000
__Hsfr17                 sfr17        00000
__Hsfr18                 sfr18        00000
__Hsfr19                 sfr19        00000
__Hsfr2                  sfr2         00000
__Hsfr20                 sfr20        00000
__Hsfr21                 sfr21        00000
__Hsfr22                 sfr22        00000
__Hsfr23                 sfr23        00000
__Hsfr24                 sfr24        00000
__Hsfr25                 sfr25        00000
__Hsfr26                 sfr26        00000
__Hsfr27                 sfr27        00000
__Hsfr28                 sfr28        00000
__Hsfr29                 sfr29        00000
__Hsfr3                  sfr3         00000
__Hsfr30                 sfr30        00000
__Hsfr31                 sfr31        00000
__Hsfr4                  sfr4         00000
__Hsfr5                  sfr5         00000
__Hsfr6                  sfr6         00000
__Hsfr7                  sfr7         00000
__Hsfr8                  sfr8         00000
__Hsfr9                  sfr9         00000
__Hspace_0               (abs)        08009
__Hspace_1               (abs)        000AE
__Hspace_2               (abs)        00000
__Hspace_3               (abs)        00000
__Hstack                 stack        00000
__Hstrings               strings      00000
__Hstringtext            stringtext   00000
__Htext                  text         00000
__Labs1                  abs1         00000
__Lbank0                 bank0        00000
__Lbank1                 bank1        00000
__Lbank10                bank10       00000
__Lbank11                bank11       00000
__Lbank12                bank12       00000
__Lbank13                bank13       00000
__Lbank14                bank14       00000
__Lbank15                bank15       00000
__Lbank16                bank16       00000
__Lbank17                bank17       00000
__Lbank18                bank18       00000
__Lbank19                bank19       00000
__Lbank2                 bank2        00000
__Lbank20                bank20       00000
__Lbank21                bank21       00000
__Lbank22                bank22       00000
__Lbank23                bank23       00000
__Lbank24                bank24       00000
__Lbank25                bank25       00000
__Lbank26                bank26       00000
__Lbank27                bank27       00000
__Lbank28                bank28       00000
__Lbank29                bank29       00000
__Lbank3                 bank3        00000
__Lbank30                bank30       00000
__Lbank31                bank31       00000
__Lbank4                 bank4        00000
__Lbank5                 bank5        00000
__Lbank6                 bank6        00000
__Lbank7                 bank7        00000
__Lbank8                 bank8        00000
__Lbank9                 bank9        00000
__Lbigram                bigram       00000
__LbssBANK0              bssBANK0     00000
__LbssBANK1              bssBANK1     00000
__LbssCOMMON             bssCOMMON    00000
__Lcinit                 cinit        000E3
__Lclrtext               clrtext      00000
__Lcode                  code         00000
__Lcommon                common       00000
__Lconfig                config       08007
__LcstackBANK0           cstackBANK0  00000
__LcstackBANK1           cstackBANK1  00000
__LcstackCOMMON          cstackCOMMON 00000
__LdataBANK0             dataBANK0    00000
__Leeprom_data           eeprom_data  00000
__Lend_init              end_init     000E1
__Lfunctab               functab      00000
__LidataBANK0            idataBANK0   00000
__Lidloc                 idloc        00000
__Linit                  init         000E1
__Lintentry              intentry     00004
__Lmaintext              maintext     00000
__LnvBANK0               nvBANK0      00000
__LnvBANK1               nvBANK1      00000
__Lpowerup               powerup      00000
__Lram                   ram          00000
__Lreset_vec             reset_vec    00000
__Lsfr0                  sfr0         00000
__Lsfr1                  sfr1         00000
__Lsfr10                 sfr10        00000
__Lsfr11                 sfr11        00000
__Lsfr12                 sfr12        00000
__Lsfr13                 sfr13        00000
__Lsfr14                 sfr14        00000
__Lsfr15                 sfr15        00000
__Lsfr16                 sfr16        00000
__Lsfr17                 sfr17        00000
__Lsfr18                 sfr18        00000
__Lsfr19                 sfr19        00000
__Lsfr2                  sfr2         00000
__Lsfr20                 sfr20        00000
__Lsfr21                 sfr21        00000
__Lsfr22                 sfr22        00000
__Lsfr23                 sfr23        00000
__Lsfr24                 sfr24        00000
__Lsfr25                 sfr25        00000
__Lsfr26                 sfr26        00000
__Lsfr27                 sfr27        00000
__Lsfr28                 sfr28        00000
__Lsfr29                 sfr29        00000
__Lsfr3                  sfr3         00000
__Lsfr30                 sfr30        00000
__Lsfr31                 sfr31        00000
__Lsfr4                  sfr4         00000
__Lsfr5                  sfr5         00000
__Lsfr6                  sfr6         00000
__Lsfr7                  sfr7         00000
__Lsfr8                  sfr8         00000
__Lsfr9                  sfr9         00000
__Lspace_0               (abs)        00000
__Lspace_1               (abs)        00000
__Lspace_2               (abs)        00000
__Lspace_3               (abs)        00000
__Lstack                 stack        00000
__Lstrings               strings      00000
__Lstringtext            stringtext   00000
__Ltext                  text         00000
__S0                     (abs)        08009
__S1                     (abs)        000AE
__S2                     (abs)        00000
___int_sp                stack        00000
___latbits               (abs)        00002
___lldiv                 text9        005AF
___lldiv@counter         cstackBANK0  00058
___lldiv@dividend        cstackBANK0  0004F
___lldiv@divisor         cstackBANK0  0004B
___lldiv@quotient        cstackBANK0  00054
___lmul                  text8        00637
___lmul@multiplicand     cstackBANK0  0004F
___lmul@multiplier       cstackBANK0  0004B
___lmul@product          cstackBANK0  00053
___lwdiv                 text3        00602
___lwdiv@counter         cstackBANK0  00058
___lwdiv@dividend        cstackBANK0  00053
___lwdiv@divisor         cstackBANK0  00051
___lwdiv@quotient        cstackBANK0  00056
___lwmod                 text2        00667
___lwmod@counter         cstackBANK0  00050
___lwmod@dividend        cstackBANK0  0004D
___lwmod@divisor         cstackBANK0  0004B
___sp                    stack        00000
__end_of_ISR             intentry     000E1
__end_of___lldiv         text9        00602
__end_of___lmul          text8        00667
__end_of___lwdiv         text3        00637
__end_of___lwmod         text2        00694
__end_of__initialization cinit        00117
__end_of_an              stringtext   00711
__end_of_cyfry           stringtext   0070F
__end_of_erase_flash     text6        006DB
__end_of_main            maintext     004FD
__end_of_read_flash      text5        006ED
__end_of_unlock_flash    text7        00726
__end_of_write_flash     text4        006BB
__end_of_wyswietl        text1        005AF
__initialization         cinit        000E3
__pbssBANK0              bssBANK0     00020
__pbssBANK1              bssBANK1     000A0
__pbssBIGRAM             (abs)        0218C
__pbssCOMMON             bssCOMMON    00070
__pcstackBANK0           cstackBANK0  0004B
__pcstackBANK1           cstackBANK1  000A8
__pcstackCOMMON          cstackCOMMON 00075
__pdataBANK0             dataBANK0    0006C
__pidataBANK0            idataBANK0   00726
__pintentry              intentry     00004
__pmaintext              maintext     0011A
__pnvBANK0               nvBANK0      00063
__pnvBANK1               nvBANK1      000AC
__pstringtext            stringtext   00700
__ptext1                 text1        004FD
__ptext2                 text2        00667
__ptext3                 text3        00602
__ptext4                 text4        00694
__ptext5                 text5        006DB
__ptext6                 text6        006BB
__ptext7                 text7        0071D
__ptext8                 text8        00637
__ptext9                 text9        005AF
__size_of_ISR            (abs)        00000
__size_of___lldiv        (abs)        00000
__size_of___lmul         (abs)        00000
__size_of___lwdiv        (abs)        00000
__size_of___lwmod        (abs)        00000
__size_of_erase_flash    (abs)        00000
__size_of_main           (abs)        00000
__size_of_read_flash     (abs)        00000
__size_of_unlock_flash   (abs)        00000
__size_of_write_flash    (abs)        00000
__size_of_wyswietl       (abs)        00000
_adc                     bssBANK0     00024
_adr_hi                  dataBANK0    0006C
_adr_low                 dataBANK0    0006D
_adr_low2                dataBANK0    0006E
_adr_moc                 dataBANK0    0006F
_an                      stringtext   0070F
_case_wyswietlacz        bssBANK0     00038
_cyf_1                   nvBANK0      00069
_cyf_1_tmp               bssBANK0     00039
_cyf_2                   nvBANK0      0006A
_cyf_2_tmp               bssBANK0     0003A
_cyf_3                   bssBANK0     0003B
_cyf_3_tmp               bssBANK0     0003C
_cyfry                   stringtext   00700
_czas_flash              bssBANK0     00026
_czas_ms                 bssBANK1     000A0
_czas_przerwa_ms         bssBANK0     0003D
_czas_s                  bssBANK0     00028
_czas_s_reset            nvBANK0      00067
_erase_flash             text6        006BB
_flaga_temp              bssBANK0     0003E
_flash_hi                bssBANK0     0003F
_flash_low               bssBANK0     00040
_flash_moc               bssBANK0     00041
_grzalka_numer           nvBANK0      0006B
_idx                     bssCOMMON    00071
_kro_1                   nvBANK1      000AC
_kro_1_tmp               bssBANK0     00042
_kro_2                   nvBANK1      000AD
_kro_2_tmp               bssBANK0     00043
_kro_3                   bssBANK0     00044
_kro_3_tmp               bssBANK0     00045
_licznik                 bssCOMMON    00072
_main                    maintext     0011A
_moc                     bssBANK0     00046
_multi                   bssCOMMON    00073
_przycisk_minus_flag     bssBANK0     00047
_przycisk_plus_flag      bssBANK0     00048
_read_flash              text5        006DB
_temp                    bssBANK1     000A4
_temp_sr                 bssBANK1     000A6
_temp_tabela             (abs)        0218C
_test_index              bssBANK0     00049
_timer1                  bssBANK0     0002A
_timer2                  bssBANK0     00020
_timer3                  bssBANK0     0002C
_timer4                  bssBANK0     0002E
_timer5                  nvBANK0      00063
_timer6                  bssBANK0     00030
_timer7                  bssBANK0     00032
_timer8                  bssBANK0     00034
_unlock_flash            text7        0071D
_write_flash             text4        00694
_wyswietl                text1        004FD
_wyswietlacz             bssCOMMON    00074
_x                       bssBANK0     0004A
btemp                    (abs)        0007E
clear_ram0               clrtext      00711
end_of_initialization    cinit        00117
erase_flash@adr_hi       cstackBANK0  0004E
erase_flash@adr_lo       cstackBANK0  0004B
intlevel0                functab      00000
intlevel1                functab      00000
intlevel2                functab      00000
intlevel3                functab      00000
intlevel4                functab      00000
intlevel5                functab      00000
ltemp                    (abs)        0007E
ltemp0                   (abs)        0007E
ltemp1                   (abs)        00082
ltemp2                   (abs)        00086
ltemp3                   (abs)        00080
main@liczba_tmp          cstackBANK0  00061
main@tmp                 cstackBANK0  00060
read_flash@adrs_hi       cstackBANK0  0004C
read_flash@adrs_lo       cstackBANK0  0004B
reset_vec                reset_vec    00000
stackhi                  (abs)        0218B
stacklo                  (abs)        0205E
start                    init         000E1
start_initialization     cinit        000E3
ttemp                    (abs)        0007E
ttemp0                   (abs)        0007E
ttemp1                   (abs)        00081
ttemp2                   (abs)        00084
ttemp3                   (abs)        00087
ttemp4                   (abs)        0007F
write_flash@adr_hi       cstackBANK0  0004F
write_flash@adr_lo       cstackBANK0  0004B
write_flash@data_lo      cstackBANK0  0004C
wtemp                    (abs)        0007E
wtemp0                   (abs)        0007E
wtemp1                   (abs)        00080
wtemp2                   (abs)        00082
wtemp3                   (abs)        00084
wtemp4                   (abs)        00086
wtemp5                   (abs)        00088
wtemp6                   (abs)        0007F
wyswietl@liczba          cstackBANK0  00059


FUNCTION INFORMATION:

 *************** function _main *****************
 Defined at:
		line 159 in file "main.c"
 Parameters:    Size  Location     Type
  argc            2   17[BANK0 ] int 
  argv            2   19[BANK0 ] PTR PTR unsigned char 
 Auto vars:     Size  Location     Type
  tmp             1   21[BANK0 ] unsigned char 
  liczba_tmp      2   22[BANK0 ] volatile unsigned int 
 Return value:  Size  Location     Type
                  2   17[BANK0 ] int 
 Registers used:
		wreg, fsr0l, fsr0h, status,2, status,0, pclath, cstack
 Tracked objects:
		On entry : 
		On exit  : 
		Unchanged: 
 Data sizes:     COMMON   BANK0   BANK1   BANK2   BANK3   BANK4   BANK5   BANK6
      Params:         0       4       0       0       0       0       0       0
      Locals:         0       3       0       0       0       0       0       0
      Temps:          0       0       4       0       0       0       0       0
      Totals:         0       7       4       0       0       0       0       0
Total ram usage:       11 bytes
 Hardware stack levels required when called:    3
 This function calls:
		___lldiv
		___lmul
		_erase_flash
		_read_flash
		_write_flash
		_wyswietl
 This function is called by:
		Startup code after reset
 This function uses a non-reentrant model


 *************** function _wyswietl *****************
 Defined at:
		line 582 in file "main.c"
 Parameters:    Size  Location     Type
  liczba          2   14[BANK0 ] unsigned int 
 Auto vars:     Size  Location     Type
		None
 Return value:  Size  Location     Type
		None               void
 Registers used:
		wreg, status,2, status,0, pclath, cstack
 Tracked objects:
		On entry : 
		On exit  : 
		Unchanged: 
 Data sizes:     COMMON   BANK0   BANK1   BANK2   BANK3   BANK4   BANK5   BANK6
      Params:         0       2       0       0       0       0       0       0
      Locals:         0       0       0       0       0       0       0       0
      Temps:          0       1       0       0       0       0       0       0
      Totals:         0       3       0       0       0       0       0       0
Total ram usage:        3 bytes
 Hardware stack levels used:    1
 Hardware stack levels required when called:    2
 This function calls:
		___lwdiv
		___lwmod
 This function is called by:
		_main
 This function uses a non-reentrant model


 *************** function ___lwmod *****************
 Defined at:
		line 6 in file "C:\Program Files (x86)\Microchip\xc8\v1.34\sources\common\lwmod.c"
 Parameters:    Size  Location     Type
  divisor         2    0[BANK0 ] unsigned int 
  dividend        2    2[BANK0 ] unsigned int 
 Auto vars:     Size  Location     Type
  counter         1    5[BANK0 ] unsigned char 
 Return value:  Size  Location     Type
                  2    0[BANK0 ] unsigned int 
 Registers used:
		wreg, status,2, status,0
 Tracked objects:
		On entry : 
		On exit  : 
		Unchanged: 
 Data sizes:     COMMON   BANK0   BANK1   BANK2   BANK3   BANK4   BANK5   BANK6
      Params:         0       4       0       0       0       0       0       0
      Locals:         0       1       0       0       0       0       0       0
      Temps:          0       1       0       0       0       0       0       0
      Totals:         0       6       0       0       0       0       0       0
Total ram usage:        6 bytes
 Hardware stack levels used:    1
 Hardware stack levels required when called:    1
 This function calls:
		Nothing
 This function is called by:
		_wyswietl
 This function uses a non-reentrant model


 *************** function ___lwdiv *****************
 Defined at:
		line 6 in file "C:\Program Files (x86)\Microchip\xc8\v1.34\sources\common\lwdiv.c"
 Parameters:    Size  Location     Type
  divisor         2    6[BANK0 ] unsigned int 
  dividend        2    8[BANK0 ] unsigned int 
 Auto vars:     Size  Location     Type
  quotient        2   11[BANK0 ] unsigned int 
  counter         1   13[BANK0 ] unsigned char 
 Return value:  Size  Location     Type
                  2    6[BANK0 ] unsigned int 
 Registers used:
		wreg, status,2, status,0
 Tracked objects:
		On entry : 
		On exit  : 
		Unchanged: 
 Data sizes:     COMMON   BANK0   BANK1   BANK2   BANK3   BANK4   BANK5   BANK6
      Params:         0       4       0       0       0       0       0       0
      Locals:         0       3       0       0       0       0       0       0
      Temps:          0       1       0       0       0       0       0       0
      Totals:         0       8       0       0       0       0       0       0
Total ram usage:        8 bytes
 Hardware stack levels used:    1
 Hardware stack levels required when called:    1
 This function calls:
		Nothing
 This function is called by:
		_wyswietl
 This function uses a non-reentrant model


 *************** function _write_flash *****************
 Defined at:
		line 645 in file "main.c"
 Parameters:    Size  Location     Type
  adr_hi          1    wreg     unsigned char 
  adr_lo          1    0[BANK0 ] unsigned char 
  data_lo         1    1[BANK0 ] unsigned char 
 Auto vars:     Size  Location     Type
  adr_hi          1    4[BANK0 ] unsigned char 
 Return value:  Size  Location     Type
		None               void
 Registers used:
		wreg, status,2, status,0, pclath, cstack
 Tracked objects:
		On entry : 
		On exit  : 
		Unchanged: 
 Data sizes:     COMMON   BANK0   BANK1   BANK2   BANK3   BANK4   BANK5   BANK6
      Params:         0       2       0       0       0       0       0       0
      Locals:         0       1       0       0       0       0       0       0
      Temps:          0       2       0       0       0       0       0       0
      Totals:         0       5       0       0       0       0       0       0
Total ram usage:        5 bytes
 Hardware stack levels used:    1
 Hardware stack levels required when called:    2
 This function calls:
		_unlock_flash
 This function is called by:
		_main
 This function uses a non-reentrant model


 *************** function _read_flash *****************
 Defined at:
		line 613 in file "main.c"
 Parameters:    Size  Location     Type
  adrs_hi         1    wreg     unsigned char 
  adrs_lo         1    0[BANK0 ] unsigned char 
 Auto vars:     Size  Location     Type
  adrs_hi         1    1[BANK0 ] unsigned char 
 Return value:  Size  Location     Type
                  1    wreg      unsigned char 
 Registers used:
		wreg
 Tracked objects:
		On entry : 
		On exit  : 
		Unchanged: 
 Data sizes:     COMMON   BANK0   BANK1   BANK2   BANK3   BANK4   BANK5   BANK6
      Params:         0       1       0       0       0       0       0       0
      Locals:         0       1       0       0       0       0       0       0
      Temps:          0       0       0       0       0       0       0       0
      Totals:         0       2       0       0       0       0       0       0
Total ram usage:        2 bytes
 Hardware stack levels used:    1
 Hardware stack levels required when called:    1
 This function calls:
		Nothing
 This function is called by:
		_main
 This function uses a non-reentrant model


 *************** function _erase_flash *****************
 Defined at:
		line 670 in file "main.c"
 Parameters:    Size  Location     Type
  adr_hi          1    wreg     unsigned char 
  adr_lo          1    0[BANK0 ] unsigned char 
 Auto vars:     Size  Location     Type
  adr_hi          1    3[BANK0 ] unsigned char 
 Return value:  Size  Location     Type
		None               void
 Registers used:
		wreg, status,2, status,0, pclath, cstack
 Tracked objects:
		On entry : 
		On exit  : 
		Unchanged: 
 Data sizes:     COMMON   BANK0   BANK1   BANK2   BANK3   BANK4   BANK5   BANK6
      Params:         0       1       0       0       0       0       0       0
      Locals:         0       1       0       0       0       0       0       0
      Temps:          0       2       0       0       0       0       0       0
      Totals:         0       4       0       0       0       0       0       0
Total ram usage:        4 bytes
 Hardware stack levels used:    1
 Hardware stack levels required when called:    2
 This function calls:
		_unlock_flash
 This function is called by:
		_main
 This function uses a non-reentrant model


 *************** function _unlock_flash *****************
 Defined at:
		line 632 in file "main.c"
 Parameters:    Size  Location     Type
		None
 Auto vars:     Size  Location     Type
		None
 Return value:  Size  Location     Type
		None               void
 Registers used:
		wreg
 Tracked objects:
		On entry : 
		On exit  : 
		Unchanged: 
 Data sizes:     COMMON   BANK0   BANK1   BANK2   BANK3   BANK4   BANK5   BANK6
      Params:         0       0       0       0       0       0       0       0
      Locals:         0       0       0       0       0       0       0       0
      Temps:          0       0       0       0       0       0       0       0
      Totals:         0       0       0       0       0       0       0       0
Total ram usage:        0 bytes
 Hardware stack levels used:    1
 Hardware stack levels required when called:    1
 This function calls:
		Nothing
 This function is called by:
		_write_flash
		_erase_flash
 This function uses a non-reentrant model


 *************** function ___lmul *****************
 Defined at:
		line 15 in file "C:\Program Files (x86)\Microchip\xc8\v1.34\sources\common\Umul32.c"
 Parameters:    Size  Location     Type
  multiplier      4    0[BANK0 ] unsigned long 
  multiplicand    4    4[BANK0 ] unsigned long 
 Auto vars:     Size  Location     Type
  product         4    8[BANK0 ] unsigned long 
 Return value:  Size  Location     Type
                  4    0[BANK0 ] unsigned long 
 Registers used:
		wreg, status,2, status,0
 Tracked objects:
		On entry : 
		On exit  : 
		Unchanged: 
 Data sizes:     COMMON   BANK0   BANK1   BANK2   BANK3   BANK4   BANK5   BANK6
      Params:         0       8       0       0       0       0       0       0
      Locals:         0       4       0       0       0       0       0       0
      Temps:          0       0       0       0       0       0       0       0
      Totals:         0      12       0       0       0       0       0       0
Total ram usage:       12 bytes
 Hardware stack levels used:    1
 Hardware stack levels required when called:    1
 This function calls:
		Nothing
 This function is called by:
		_main
 This function uses a non-reentrant model


 *************** function ___lldiv *****************
 Defined at:
		line 6 in file "C:\Program Files (x86)\Microchip\xc8\v1.34\sources\common\lldiv.c"
 Parameters:    Size  Location     Type
  divisor         4    0[BANK0 ] unsigned long 
  dividend        4    4[BANK0 ] unsigned long 
 Auto vars:     Size  Location     Type
  quotient        4    9[BANK0 ] unsigned long 
  counter         1   13[BANK0 ] unsigned char 
 Return value:  Size  Location     Type
                  4    0[BANK0 ] unsigned long 
 Registers used:
		wreg, status,2, status,0
 Tracked objects:
		On entry : 
		On exit  : 
		Unchanged: 
 Data sizes:     COMMON   BANK0   BANK1   BANK2   BANK3   BANK4   BANK5   BANK6
      Params:         0       8       0       0       0       0       0       0
      Locals:         0       5       0       0       0       0       0       0
      Temps:          0       1       0       0       0       0       0       0
      Totals:         0      14       0       0       0       0       0       0
Total ram usage:       14 bytes
 Hardware stack levels used:    1
 Hardware stack levels required when called:    1
 This function calls:
		Nothing
 This function is called by:
		_main
 This function uses a non-reentrant model


 *************** function _ISR *****************
 Defined at:
		line 690 in file "main.c"
 Parameters:    Size  Location     Type
		None
 Auto vars:     Size  Location     Type
		None
 Return value:  Size  Location     Type
		None               void
 Registers used:
		wreg, fsr0l, fsr0h, status,2, status,0, pclath
 Tracked objects:
		On entry : 
		On exit  : 
		Unchanged: 
 Data sizes:     COMMON   BANK0   BANK1   BANK2   BANK3   BANK4   BANK5   BANK6
      Params:         0       0       0       0       0       0       0       0
      Locals:         0       0       0       0       0       0       0       0
      Temps:          5       0       0       0       0       0       0       0
      Totals:         5       0       0       0       0       0       0       0
Total ram usage:        5 bytes
 Hardware stack levels used:    1
 This function calls:
		Nothing
 This function is called by:
		Interrupt level 1
 This function uses a non-reentrant model



MODULE INFORMATION

Module		Function		Class		Link	Load	Size
C:\Program Files (x86)\Microchip\xc8\v1.34\sources\common\Umul32.c
		___lmul        		CODE           	0637	0000	49

C:\Program Files (x86)\Microchip\xc8\v1.34\sources\common\Umul32.c estimated size: 49

C:\Program Files (x86)\Microchip\xc8\v1.34\sources\common\lwmod.c
		___lwmod       		CODE           	0667	0000	46

C:\Program Files (x86)\Microchip\xc8\v1.34\sources\common\lwmod.c estimated size: 46

shared
		_an            		STRCODE        	070F	0000	3
		__initializatio		CODE           	00E3	0000	53
		_cyfry         		STRCODE        	0700	0000	16

shared estimated size: 72

C:\Program Files (x86)\Microchip\xc8\v1.34\sources\common\lwdiv.c
		___lwdiv       		CODE           	0602	0000	54

C:\Program Files (x86)\Microchip\xc8\v1.34\sources\common\lwdiv.c estimated size: 54

C:\Program Files (x86)\Microchip\xc8\v1.34\sources\common\lldiv.c
		___lldiv       		CODE           	05AF	0000	84

C:\Program Files (x86)\Microchip\xc8\v1.34\sources\common\lldiv.c estimated size: 84

main.c
		_unlock_flash  		CODE           	071D	0000	10
		_ISR           		CODE           	0004	0000	222
		_main          		CODE           	011A	0000	996
		_write_flash   		CODE           	0694	0000	40
		_wyswietl      		CODE           	04FD	0000	179
		_erase_flash   		CODE           	06BB	0000	33
		_read_flash    		CODE           	06DB	0000	19

main.c estimated size: 1499

